****************************************
Report : Averaged Power
Design : top
Version: T-2022.03-SP5
Date   : Fri May 31 16:46:49 2024
****************************************



  Attributes
  ----------
      i  -  Including register clock pin internal power
      u  -  User defined power group

                        Internal  Switching  Leakage    Total
Power Group             Power     Power      Power      Power   (     %)  Attrs
--------------------------------------------------------------------------------
clock_network              0.0000    0.0000    0.0000    0.0000 ( 0.00%)  i
register                   0.0000    0.0000    0.0000    0.0000 ( 0.00%)  
combinational           3.128e-04 2.052e-06 6.935e-03 7.250e-03 (100.00%) 
sequential                 0.0000    0.0000    0.0000    0.0000 ( 0.00%)  
memory                     0.0000    0.0000    0.0000    0.0000 ( 0.00%)  
io_pad                     0.0000    0.0000    0.0000    0.0000 ( 0.00%)  
black_box                  0.0000    0.0000    0.0000    0.0000 ( 0.00%)  

  Net Switching Power  = 2.052e-06   ( 0.03%)
  Cell Internal Power  = 3.128e-04   ( 4.31%)
  Cell Leakage Power   = 6.935e-03   (95.66%)
                         ---------
Total Power            = 7.250e-03  (100.00%)

1
