 
****************************************
Report : area
Design : top
Version: S-2021.06-SP2
Date   : Fri May 31 15:09:58 2024
****************************************

Library(s) Used:

    PPDK_Standard_Library_1.0V_25C_TYP_X1 (File: /usr/local/eda/synLibs/egfet/db/EGFET_1.0V.db)

Number of ports:                           30
Number of nets:                           680
Number of cells:                          652
Number of combinational cells:            652
Number of sequential cells:                 0
Number of macros/black boxes:               0
Number of buf/inv:                        274
Number of references:                       7

Combinational area:          243659478.000000
Buf/Inv area:                 62587080.000000
Noncombinational area:               0.000000
Macro/Black Box area:                0.000000
Net Interconnect area:      undefined  (No wire load specified)

Total cell area:             243659478.000000
Total area:                 undefined

Hierarchical area distribution
------------------------------

                                  Global cell area                  Local cell area
                                  -----------------------  --------------------------------- 
Hierarchical cell                 Absolute        Percent  Combi-          Noncombi-  Black-
                                  Total           Total    national        national   boxes   Design
--------------------------------  --------------  -------  --------------  ---------  ------  ---------
top                               243659478.0000    100.0  243659478.0000     0.0000  0.0000  top
--------------------------------  --------------  -------  --------------  ---------  ------  ---------
Total                                                      243659478.0000     0.0000  0.0000

1
