****************************************
Report : Averaged Power
Design : top
Version: T-2022.03-SP5
Date   : Fri May 31 05:28:07 2024
****************************************



  Attributes
  ----------
      i  -  Including register clock pin internal power
      u  -  User defined power group

                        Internal  Switching  Leakage    Total
Power Group             Power     Power      Power      Power   (     %)  Attrs
--------------------------------------------------------------------------------
clock_network              0.0000    0.0000    0.0000    0.0000 ( 0.00%)  i
register                   0.0000    0.0000    0.0000    0.0000 ( 0.00%)  
combinational           8.575e-05 4.247e-07 1.313e-03 1.399e-03 (100.00%) 
sequential                 0.0000    0.0000    0.0000    0.0000 ( 0.00%)  
memory                     0.0000    0.0000    0.0000    0.0000 ( 0.00%)  
io_pad                     0.0000    0.0000    0.0000    0.0000 ( 0.00%)  
black_box                  0.0000    0.0000    0.0000    0.0000 ( 0.00%)  

  Net Switching Power  = 4.247e-07   ( 0.03%)
  Cell Internal Power  = 8.575e-05   ( 6.13%)
  Cell Leakage Power   = 1.313e-03   (93.84%)
                         ---------
Total Power            = 1.399e-03  (100.00%)

1
