Information: Updating design information... (UID-85)
 
****************************************
Report : qor
Design : top
Version: S-2021.06-SP2
Date   : Fri May 31 16:46:19 2024
****************************************


  Timing Path Group 'clk'
  -----------------------------------
  Levels of Logic:              57.00
  Critical Path Length:   79011136.00
  Critical Path Slack:   120988864.00
  Critical Path Clk Period:
                         200000000.00
  Total Negative Slack:          0.00
  No. of Violating Paths:        0.00
  Worst Hold Violation:          0.00
  Total Hold Violation:          0.00
  No. of Hold Violations:        0.00
  -----------------------------------


  Cell Count
  -----------------------------------
  Hierarchical Cell Count:          0
  Hierarchical Port Count:          0
  Leaf Cell Count:                488
  Buf/Inv Cell Count:             191
  Buf Cell Count:                   0
  Inv Cell Count:                 191
  CT Buf/Inv Cell Count:            0
  Combinational Cell Count:       488
  Sequential Cell Count:            0
  Macro Count:                      0
  -----------------------------------


  Area
  -----------------------------------
  Combinational Area:
                     181921958.000000
  Noncombinational Area:     0.000000
  Buf/Inv Area:       43628220.000000
  Total Buffer Area:             0.00
  Total Inverter Area:    43628220.00
  Macro/Black Box Area:      0.000000
  Net Area:                  0.000000
  -----------------------------------
  Cell Area:         181921958.000000
  Design Area:       181921958.000000


  Design Rules
  -----------------------------------
  Total Number of Nets:           512
  Nets With Violations:           487
  Max Trans Violations:           487
  Max Cap Violations:               0
  -----------------------------------


  Hostname: kamino.ceid.upatras.gr

  Compile CPU Statistics
  -----------------------------------------
  Resource Sharing:                    0.32
  Logic Optimization:                  0.03
  Mapping Optimization:                0.50
  -----------------------------------------
  Overall Compile Time:                2.05
  Overall Compile Wall Clock Time:     2.47

  --------------------------------------------------------------------

  Design  WNS: 0.00  TNS: 0.00  Number of Violating Paths: 0


  Design (Hold)  WNS: 0.00  TNS: 0.00  Number of Violating Paths: 0

  --------------------------------------------------------------------


1
